17:08:12 **** Incremental Build of configuration Debug for project 001PeriClockEnable ****
make -j12 all 
arm-none-eabi-gcc "../Src/main.c" -mcpu=cortex-m4 -std=gnu11 -g3 -DDEBUG -DSTM32 -DSTM32F4 -DSTM32F446RETx -DNUCLEO_F446RE -c -I../Inc -O0 -ffunction-sections -fdata-sections -Wall -fstack-usage -fcyclomatic-complexity -MMD -MP -MF"Src/main.d" -MT"Src/main.o" --specs=nano.specs -mfpu=fpv4-sp-d16 -mfloat-abi=hard -mthumb -o "Src/main.o"
arm-none-eabi-gcc -o "001PeriClockEnable.elf" @"objects.list"   -mcpu=cortex-m4 -T"C:\Users\shrey\OneDrive\Documents\GitHub\LEmbed\001PeriClockEnable\STM32F446RETX_FLASH.ld" --specs=nosys.specs -Wl,-Map="001PeriClockEnable.map" -Wl,--gc-sections -static --specs=nano.specs -mfpu=fpv4-sp-d16 -mfloat-abi=hard -mthumb -Wl,--start-group -lc -lm -Wl,--end-group
Finished building target: 001PeriClockEnable.elf
 
arm-none-eabi-size   001PeriClockEnable.elf 
arm-none-eabi-objdump -h -S  001PeriClockEnable.elf  > "001PeriClockEnable.list"
   text	   data	    bss	    dec	    hex	filename
    756	      8	   1568	   2332	    91c	001PeriClockEnable.elf
Finished building: default.size.stdout
 
Finished building: 001PeriClockEnable.list
 
